

 BGRID

 Start     Length     Name                   Class
 0001:0000 00502H     BGRID_TEXT             CODE
 0001:0502 01A4CH     _TEXT                  CODE
 0001:1F4E 00000H     C_ETEXT                ENDCODE
 0002:0000 0020CH     FAR_BSS                FAR_BSS
 0003:0000 00042H     NULL                   BEGDATA
 0003:0042 00662H     _DATA                  DATA
 0003:06A4 0000EH     CDATA                  DATA
 0003:06B2 00000H     XIFB                   DATA
 0003:06B2 00000H     XIF                    DATA
 0003:06B2 00000H     XIFE                   DATA
 0003:06B2 00000H     XIB                    DATA
 0003:06B2 00000H     XI                     DATA
 0003:06B2 00000H     XIE                    DATA
 0003:06B2 00000H     XPB                    DATA
 0003:06B2 00004H     XP                     DATA
 0003:06B6 00000H     XPE                    DATA
 0003:06B6 00000H     XCB                    DATA
 0003:06B6 00000H     XC                     DATA
 0003:06B6 00000H     XCE                    DATA
 0003:06B6 00000H     XCFB                   DATA
 0003:06B6 00000H     XCF                    DATA
 0003:06B6 00000H     XCFE                   DATA
 0003:06B6 00006H     CONST                  CONST
 0003:06BC 00008H     HDR                    MSG
 0003:06C4 000FAH     MSG                    MSG
 0003:07BE 00002H     PAD                    MSG
 0003:07C0 00001H     EPAD                   MSG
 0003:07C2 001C0H     _BSS                   BSS
 0003:0982 00000H     XOB                    BSS
 0003:0982 00000H     XO                     BSS
 0003:0982 00000H     XOE                    BSS
 0003:0990 00000H     c_common               BSS
 0003:0990 02000H     STACK                  STACK

 Origin   Group
 0003:0   DGROUP

Program entry point at 0001:0512
